llvm-lit: /home/user/bolt-aarch32/third_party/llvm-project-atfe/bolt/test/lit.cfg.py:63: warning: Setting a timeout per test not supported. Requires the Python psutil module but it could not be found. Try installing it via pip or via your operating system's package manager. Some tests will be skipped.
llvm-lit: /home/user/bolt-aarch32/third_party/llvm-project-atfe/llvm/utils/lit/lit/llvm/config.py:569: note: using clang: /home/user/bolt-aarch32/build-atfe-noassert/bin/clang
llvm-lit: /home/user/bolt-aarch32/third_party/llvm-project-atfe/llvm/utils/lit/lit/llvm/config.py:569: note: using ld.lld: /home/user/bolt-aarch32/build-atfe-noassert/bin/ld.lld
-- Testing: 62 tests, 8 workers --
PASS: BOLT :: ARM/arm-it-boundaries.test (1 of 62)
PASS: BOLT :: ARM/arm-predicated-returns-calls.test (2 of 62)
PASS: BOLT :: ARM/arm-table-base-liveness.test (3 of 62)
PASS: BOLT :: ARM/thumb-far-stub.test (4 of 62)
PASS: BOLT :: ARM/arm-kept-code.test (5 of 62)
PASS: BOLT :: ARM/arm-conditional-instrumentation.test (6 of 62)
PASS: BOLT :: ARM/arm-ldr-pc-table.test (7 of 62)
PASS: BOLT :: ARM/arm-noreturn-calls.test (8 of 62)
PASS: BOLT :: ARM/arm-far-tail-call.test (9 of 62)
PASS: BOLT :: ARM/arm-stub-determinism.test (10 of 62)
PASS: BOLT :: ARM/arm-function-fallthrough.test (11 of 62)
PASS: BOLT :: ARM/arm-exception-returns.test (12 of 62)
PASS: BOLT :: ARM/arm-passes.test (13 of 62)
PASS: BOLT :: ARM/arm-r12-local-stub.test (14 of 62)
PASS: BOLT :: ARM/arm-ldr-pc-table-mixed-isa.test (15 of 62)
PASS: BOLT :: ARM/arm-admission-report.test (16 of 62)
PASS: BOLT :: ARM/arm-thunk-cycle.test (17 of 62)
PASS: BOLT :: ARM/arm-tbh-adr-base.test (18 of 62)
PASS: BOLT :: ARM/arm-load-jump-table.test (19 of 62)
PASS: BOLT :: ARM/arm-inline-table.test (20 of 62)
PASS: BOLT :: ARM/arm-longjmp-veneer.test (21 of 62)
PASS: BOLT :: ARM/arm-it-isolation.test (22 of 62)
PASS: BOLT :: ARM/arm-counter-smp.test (23 of 62)
PASS: BOLT :: ARM/arm-external-branch-repatch.test (24 of 62)
PASS: BOLT :: ARM/arm-thumb-data-pointer.test (25 of 62)
PASS: BOLT :: ARM/arm-thumb-short-branch-range.test (26 of 62)
PASS: BOLT :: ARM/arm-mapping-symbols.test (27 of 62)
PASS: BOLT :: ARM/arm-instrumentation-scope.test (28 of 62)
PASS: BOLT :: ARM/arm-mov-lr-pc-call.test (29 of 62)
PASS: BOLT :: ARM/arm-v8-aarch32.test (30 of 62)
PASS: BOLT :: ARM/arm-cbz-flags.test (31 of 62)
PASS: BOLT :: ARM/arm-unwind-rejection.test (32 of 62)
PASS: BOLT :: ARM/arm-counter-carry.test (33 of 62)
PASS: BOLT :: ARM/arm-patch-entries.test (34 of 62)
PASS: BOLT :: ARM/arm-conditional-tail-call.test (35 of 62)
PASS: BOLT :: ARM/arm-self-move-flags.test (36 of 62)
PASS: BOLT :: ARM/arm-trap-fill.test (37 of 62)
PASS: BOLT :: ARM/arm-thumb-entry.test (38 of 62)
PASS: BOLT :: ARM/arm-rewrite.test (39 of 62)
PASS: BOLT :: ARM/thumb-it.test (40 of 62)
PASS: BOLT :: ARM/arm-literal-load.test (41 of 62)
PASS: BOLT :: ARM/arm-interwork.test (42 of 62)
PASS: BOLT :: ARM/arm32-thumb-pop-return.test (43 of 62)
PASS: BOLT :: ARM/thumb-rewrite.test (44 of 62)
PASS: BOLT :: ARM/arm-icf-movw-movt.test (45 of 62)
PASS: BOLT :: ARM/arm-thumb-split.test (46 of 62)
PASS: BOLT :: ARM/thumb-cfg.test (47 of 62)
PASS: BOLT :: ARM/thumb-disasm.test (48 of 62)
PASS: BOLT :: ARM/arm-disasm.test (49 of 62)
PASS: BOLT :: ARM/arm32-thumb-switch.test (50 of 62)
PASS: BOLT :: ARM/arm-cfg.test (51 of 62)
PASS: BOLT :: ARM/elf32-parse.test (52 of 62)
PASS: BOLT :: ARM/arm-pc-writes.test (53 of 62)
PASS: BOLT :: ARM/arm-fixed-load.test (54 of 62)
PASS: BOLT :: ARM/arm-inline-safety.test (55 of 62)
PASS: BOLT :: ARM/arm-instrumentation-startup.test (56 of 62)
PASS: BOLT :: ARM/arm-pop-cfg.test (57 of 62)
PASS: BOLT :: ARM/arm-conditional-return-flow.test (58 of 62)
PASS: BOLT :: ARM/arm-isa-contract.test (59 of 62)
PASS: BOLT :: ARM/arm-pc-reads.test (60 of 62)
PASS: BOLT :: ARM/arm-cross-function-exclusive.test (61 of 62)
PASS: BOLT :: ARM/arm-exclusive-instrumentation.test (62 of 62)


1 warning(s) in tests
Testing Time: 5.65s

Total Discovered Tests: 62
  Passed: 62 (100.00%)
